kemit@pcnawapc MINGW64 ~/OneDrive/Desktop/git_challenge (main)
$ git init
Initialized empty Git repository in C:/Users/kemit/OneDrive/Desktop/git_challenge/.git/

kemit@pcnawapc MINGW64 ~/OneDrive/Desktop/git_challenge (main)
$  echo "Hello, world!" >> hello_world.txt

kemit@pcnawapc MINGW64 ~/OneDrive/Desktop/git_challenge (main)
$ git add hello_world.txt
warning: in the working copy of 'hello_world.txt', LF will be replaced by CRLF the next time Git touches it

kemit@pcnawapc MINGW64 ~/OneDrive/Desktop/git_challenge (main)
$ git commit -m "first commit message"
[main (root-commit) 9f746af] first commit message
 1 file changed, 1 insertion(+)
 create mode 100644 hello_world.txt

kemit@pcnawapc MINGW64 ~/OneDrive/Desktop/git_challenge (main)
$ echo "こんにちは、世界！" >> hello_world.txt

kemit@pcnawapc MINGW64 ~/OneDrive/Desktop/git_challenge (main)
$ git add hello_world.txt
warning: in the working copy of 'hello_world.txt', LF will be replaced by CRLF the next time Git touches it

kemit@pcnawapc MINGW64 ~/OneDrive/Desktop/git_challenge (main)
$ git commit -m "second message"
[main 782f720] second message
 1 file changed, 1 insertion(+)

kemit@pcnawapc MINGW64 ~/OneDrive/Desktop/git_challenge (main)
$ git log --oneline
782f720 (HEAD -> main) second message
9f746af first commit message