kemit@pcnawapc MINGW64 ~/OneDrive/Desktop/git_challenge (main)
$ cd

kemit@pcnawapc MINGW64 ~ (main)
$ pwd
/c/Users/kemit

kemit@pcnawapc MINGW64 ~ (main)
$ git init
Reinitialized existing Git repository in C:/Users/kemit/.git/

kemit@pcnawapc MINGW64 ~ (main)
$ echo "Hello, world!" >> hello_world.txt

kemit@pcnawapc MINGW64 ~ (main)
$ git add hello_world.txt
warning: in the working copy of 'hello_world.txt', LF will be replaced by CRLF the next time Git touches it

kemit@pcnawapc MINGW64 ~ (main)
$ git commit -m "first commit message"
[main 03bd488] first commit message
 1 file changed, 1 insertion(+)

kemit@pcnawapc MINGW64 ~ (main)
$  echo "こんにちは、世界！" >> hello_world.txt

kemit@pcnawapc MINGW64 ~ (main)
$  git add hello_world.txt
warning: in the working copy of 'hello_world.txt', LF will be replaced by CRLF the next time Git touches it

kemit@pcnawapc MINGW64 ~ (main)
$ git commit -m "second message"
[main de1b18f] second message
 1 file changed, 1 insertion(+)

kemit@pcnawapc MINGW64 ~ (main)
$ git log --oneline
de1b18f (HEAD -> main) second message
03bd488 first commit message
39d6d72 second message
afc8640 first commit message